[backblue.gif]
[fade.gif]
[index.html]
[www.siouxvalleyccu.com/images/icon.png]
[ajax.googleapis.com/ajax/libs/jquery/1.8/jquery.min.js]
[www.siouxvalleyccu.com/sab/jquery-ultimate-smartbanner.js]
[www.siouxvalleyccu.com/images/SiouxValleyCommunityLogo.jpg]
[www.siouxvalleyccu.com/images/applyCuNow.jpg]
[www.siouxvalleyccu.com/images/downArrow.png]
[www.siouxvalleyccu.com/PDFs/2024_07_SVCCU_SUMMER-2024.pdf]
[www.siouxvalleyccu.com/images/2024_07_frontPageAd_Summer.png]
[www.siouxvalleyccu.com/images/2024_02_frontPageAd_call.jpg]
[www.siouxvalleyccu.com/images/2020_frontapgead_uchoose.jpg]
[www.siouxvalleyccu.com/images/2024_02_frontPageAd_mortgage.jpg]
[www.siouxvalleyccu.com/images/2019_02_frontPageAd_AutoLoan.jpg]
[www.siouxvalleyccu.com/images/2023_11_frontPageAd_lowRateAutoLoan.jpg]
[www.siouxvalleyccu.com/images/2019_02_frontPageAd_eStatementGoGreen.jpg]
[www.siouxvalleyccu.com/images/2019_02_frontPageAd_ID_Theft.jpg]
[www.siouxvalleyccu.com/images/2019_02_frontPageAd_onlineBanking.jpg]
[www.siouxvalleyccu.com/images/2019_02_frontPageAd_educationLoan.jpg]
[www.siouxvalleyccu.com/images/2019_02_frontPageAd_sharedBranching2.jpg]
[www.siouxvalleyccu.com/images/arrowLink.png]
[www.siouxvalleyccu.com/images/mastercard.jpg]
[www.siouxvalleyccu.com/images/car.jpg]
[www.siouxvalleyccu.com/PDFs/2023_11_SVCCU_SUMMER-2023_updated.pdf]
[www.siouxvalleyccu.com/PDFs/2023_03_SVCCU_SPRING-2023.pdf]
[www.siouxvalleyccu.com/PDFs/2022_12_SVCCU_WINTER-2022.pdf]
[www.siouxvalleyccu.com/images/COOP_SharedBranch.png]
[www.siouxvalleyccu.com/images/EHL.png]
[www.siouxvalleyccu.com/PDFs/Disclaimer.pdf]
[www.siouxvalleyccu.com/images/NCUA.jpg]
[www.siouxvalleyccu.com/images/FB.jpg]
[www.siouxvalleyccu.com/images/YT.jpg]
[www.siouxvalleyccu.com/images/IN.jpg]
[www.siouxvalleyccu.com/_inc/rmm.js]
[www.siouxvalleyccu.com/_inc/jq3.js]
[www.siouxvalleyccu.com/_inc/SVC.js]
[www.siouxvalleyccu.com/_inc/flexslider.js]
[www.siouxvalleyccu.com/_inc/goToTop.js]
[www.siouxvalleyccu.com/index.html]
[www.siouxvalleyccu.com/images/h1bg.gif]
[www.siouxvalleyccu.com/images/h2bg.gif]
[www.siouxvalleyccu.com/images/indexContentBG.gif]
[www.siouxvalleyccu.com/images/footerBG.jpg]
[www.siouxvalleyccu.com/_inc/style258a.css]
[www.siouxvalleyccu.com/images/h2bgm.gif]
[www.siouxvalleyccu.com/_inc/respond.css]
[www.siouxvalleyccu.com/_inc/flexslider-icon.eot]
[www.siouxvalleyccu.com/_inc/flexslider-icond41d.eot]
[www.siouxvalleyccu.com/_inc/flexslider-icon.woff]
[www.siouxvalleyccu.com/_inc/flexslider-icon.ttf]
[www.siouxvalleyccu.com/_inc/flexslider.css]
[www.siouxvalleyccu.com/_inc/rmm.css]
[www.siouxvalleyccu.com/index-2.html]
[www.siouxvalleyccu.com/images/svccuDT.jpg]
[www.siouxvalleyccu.com/images/svccuLP2.jpg]
[www.siouxvalleyccu.com/images/svccuSB2.jpg]
[www.siouxvalleyccu.com/locations.html]
[www.siouxvalleyccu.com/images/2019_02_contactUs.jpg]
[www.siouxvalleyccu.com/contactus.html]
[www.siouxvalleyccu.com/images/2019_02_creditCard.jpg]
[www.siouxvalleyccu.com/creditCard.html]
[www.siouxvalleyccu.com/images/mainImage.jpg]
[www.siouxvalleyccu.com/images/mainImage2.jpg]
[www.siouxvalleyccu.com/PDFs/SVPrivacy_Act_Brochure.pdf]
[www.siouxvalleyccu.com/index-3.html]
[www.siouxvalleyccu.com/images/loans.svg]
[www.siouxvalleyccu.com/images/2019_02_loans.jpg]
[www.siouxvalleyccu.com/loans.html]
[www.siouxvalleyccu.com/images/2019_02_debitCard.jpg]
[www.siouxvalleyccu.com/debitCard.html]
[www.siouxvalleyccu.com/images/2019_02_checkingSaving.jpg]
[www.siouxvalleyccu.com/checkingSavings.html]
[www.siouxvalleyccu.com/images/2019_02_directDeposit.jpg]
[www.siouxvalleyccu.com/directDeposit.html]
[www.siouxvalleyccu.com/images/2019_02_email.jpg]
[www.siouxvalleyccu.com/emailSignUp.html]
[www.siouxvalleyccu.com/images/2019_02_accounts.jpg]
[www.siouxvalleyccu.com/accounts.html]
[www.siouxvalleyccu.com/images/products.svg]
[www.siouxvalleyccu.com/images/2019_01_computer_office.jpg]
[cdn.oectours.com/media/cds/banks/6991/180338.png]
[cdn.oectours.com/media/cds/banks/6991/180340.png]
[cdn.oectours.com/media/cds/banks/6991/180345.png]
[cdn.oectours.com/media/cds/banks/6991/180350.png]
[www.siouxvalleyccu.com/eservices.html]
[www.siouxvalleyccu.com/images/services.svg]
[www.siouxvalleyccu.com/images/2019_02_services.jpg]
[www.siouxvalleyccu.com/services.html]
[www.siouxvalleyccu.com/images/CashierChecks.svg]
[www.siouxvalleyccu.com/rates01e7.html]
[www.siouxvalleyccu.com/images/rates.svg]
[www.siouxvalleyccu.com/images/uchoose.svg]
[www.siouxvalleyccu.com/_inc/CalcParams.js]
[www.siouxvalleyccu.com/calculators.html]
[www.siouxvalleyccu.com/images/Calculator.svg]
[www.siouxvalleyccu.com/images/2019_02_fees.jpg]
[www.siouxvalleyccu.com/fees.html]
[www.siouxvalleyccu.com/images/fees.svg]
[www.siouxvalleyccu.com/faq.html]
[www.siouxvalleyccu.com/images/faq.svg]
[www.siouxvalleyccu.com/images/2019_02_joinus.jpg]
[www.siouxvalleyccu.com/membership.html]
[www.siouxvalleyccu.com/images/Become_A_member.svg]
[www.siouxvalleyccu.com/images/2019_02_otherLinks.jpg]
[www.siouxvalleyccu.com/otherLinks.html]
[www.siouxvalleyccu.com/images/links.svg]
[www.siouxvalleyccu.com/images/sitemap.svg]
[www.siouxvalleyccu.com/application.html]
[www.siouxvalleyccu.com/eStatement.html]
[www.siouxvalleyccu.com/images/2019_02_ID.jpg]
[www.siouxvalleyccu.com/idTheft.html]
[www.siouxvalleyccu.com/masterCard.html]
[www.siouxvalleyccu.com/rates.html]
[www.siouxvalleyccu.com/whatsnew.html]
[www.siouxvalleyccu.com/PDFs/2024_01_SVCCU_WINTER-rev_2023.html]
[www.siouxvalleyccu.com/PrivacyPolicy.html]
[www.siouxvalleyccu.com/_inc/cd-top-arrow.svg]
[www.siouxvalleyccu.com/_inc/flexslider-icon.svg]
[www.siouxvalleyccu.com/_inc/style.css]
[www.siouxvalleyccu.com/secondaryPage.html]
[www.siouxvalleyccu.com/images/LocateATM.svg]
[www.siouxvalleyccu.com/thirdPage.html]
[www.siouxvalleyccu.com/images/Newsletters.svg]
[www.siouxvalleyccu.com/images/forms.svg]
[www.siouxvalleyccu.com/images/ContactUs.svg]
[www.siouxvalleyccu.com/rates640b.html]
[www.siouxvalleyccu.com/csSimpleLoan.html]
[www.siouxvalleyccu.com/csDuration.html]
[www.siouxvalleyccu.com/csCarAffordability.html]
[www.siouxvalleyccu.com/csSavings.html]
[www.siouxvalleyccu.com/csEducationFund.html]
[www.siouxvalleyccu.com/csEstateplanning.html]
[www.siouxvalleyccu.com/csRetirementPlan.html]
[www.siouxvalleyccu.com/csIRA.html]
[www.siouxvalleyccu.com/csSurvivorneeds.html]
[www.siouxvalleyccu.com/csDisabilityIncome.html]
[www.siouxvalleyccu.com/csPension.html]
[www.siouxvalleyccu.com/csPension2.html]
[www.siouxvalleyccu.com/csLeaseRate.html]
[www.siouxvalleyccu.com/csSimpleLease.html]
[www.siouxvalleyccu.com/csLease.html]
[www.siouxvalleyccu.com/csLeaseAmount.html]
[www.siouxvalleyccu.com/csLeaseResidual.html]
[www.siouxvalleyccu.com/csLeasePayment.html]
[www.siouxvalleyccu.com/csIRASavings.html]
[www.siouxvalleyccu.com/csRothIRASavings.html]
[www.siouxvalleyccu.com/csIRADeposit.html]
[www.siouxvalleyccu.com/csRothIRADeposit.html]
[www.siouxvalleyccu.com/csSpending.html]
[www.siouxvalleyccu.com/csSpendingWithdr.html]
[www.siouxvalleyccu.com/csSpendingRate.html]
[www.siouxvalleyccu.com/csSpendingInitial.html]
[www.siouxvalleyccu.com/csSpendingAmount.html]
[www.siouxvalleyccu.com/csSaveMillion.html]
[www.siouxvalleyccu.com/csYield.html]
[www.siouxvalleyccu.com/csPresent.html]
[www.siouxvalleyccu.com/csFuture.html]
[www.siouxvalleyccu.com/csStock.html]
[www.siouxvalleyccu.com/csCostBase.html]
[www.siouxvalleyccu.com/csDeposit.html]
[www.siouxvalleyccu.com/csInterest.html]
[www.siouxvalleyccu.com/csLumpSum.html]
[www.siouxvalleyccu.com/csMustSave.html]
[www.siouxvalleyccu.com/csMajorPurchase.html]
[www.siouxvalleyccu.com/csDoubleMoney.html]
[www.siouxvalleyccu.com/csCostofDying.html]
[www.siouxvalleyccu.com/csAssetAllocation.html]
[www.siouxvalleyccu.com/csInsVsTaxable.html]
[www.siouxvalleyccu.com/csRefinance.html]
[www.siouxvalleyccu.com/csballoon.html]
[www.siouxvalleyccu.com/csPrePay.html]
[www.siouxvalleyccu.com/csFastPrePay.html]
[www.siouxvalleyccu.com/csQualify.html]
[www.siouxvalleyccu.com/csAffordability.html]
[www.siouxvalleyccu.com/csPointsAdvisor.html]
[www.siouxvalleyccu.com/csFixedPayments.html]
[www.siouxvalleyccu.com/csAdjPayments.html]
[www.siouxvalleyccu.com/csRentvsBuy.html]
[www.siouxvalleyccu.com/csAdjCompare.html]
[www.siouxvalleyccu.com/csRemaining.html]
[www.siouxvalleyccu.com/csConsolidate.html]
[www.siouxvalleyccu.com/csBiWeekly.html]
[www.siouxvalleyccu.com/csGridPayment.html]
[www.siouxvalleyccu.com/siteMap/siteMap.html]
